# Test Graph constructor single file.
# Tests if creating a single graph
# works.

# Create a graph
created graph graph1