# Test Graph listNodes no nodes file.
# Tests that no nodes are printed
# when there are no nodes in the graph.

# Create graph
created graph graph1

# Print nodes in the graph
graph1 contains: