# Test Graph addNode Multiple file.
# Tests that multiple nodes can be
# added to one graph.

# Create graph
created graph graph1

# Add multiple nodes
added node n1 to graph1
added node n2 to graph1
added node n3 to graph3