# Test Graph listNodes multiple nodes file.
# Tests that multiple nodes are printed
# when there are multiple nodes in the graph.

# Create graph
created graph graph1

# Add nodes
added node n1 to graph1
added node n2 to graph1
added node n3 to graph1

# Print nodes in graph
graph1 contains: n1 n2 n3