# Test Graph addEdge dual way file.
# Tests if given two nodes, two edges
# can point opposite directions when
# associated with those same two nodes.

# Create graph
created graph graph1

# Add nodes
added node n1 to graph1
added node n2 to graph1

# Add edges
added edge e1 from n1 to n2 in graph1
added edge e2 from n2 to n1 in graph1