# Find a path with only one "hop" (edge) using smallTest.

loaded graph small

path from a to b:
a to b via one