# Find a path between invalid using smallTest.

loaded graph small

path from d to a:
unknown character d