# Test that findMinPath will return 0 cost path

created graph graph1

added node n1 to graph1
added node n2 to graph1

added edge 6.000 from n1 to n2 in graph1

path from n1 to n1:
total cost: 0.000