# Test that findMinPath will return least cost path

created graph graph1

added node n1 to graph1
added node n2 to graph1

added edge 6.000 from n1 to n2 in graph1
added edge 16.000 from n1 to n2 in graph1

path from n1 to n2:
n1 to n2 with weight 6.000
total cost: 6.000