# Test that findMinPath will return least cost path
# rounded properly

created graph graph1

added node n1 to graph1
added node n2 to graph1
added node n3 to graph1

added edge 6.1234 from n1 to n2 in graph1
added edge 8.9999 from n2 to n3 in graph1

path from n1 to n3:
n1 to n2 with weight 6.123
n2 to n3 with weight 9.000
total cost: 15.122